<?xml version="1.0" encoding="utf-8"?><testsuites name="pytest tests"><testsuite name="pytest" errors="1" failures="0" skipped="0" tests="1" time="0.168" timestamp="2025-06-21T00:34:41.240692-05:00" hostname="Dions-Mac-Studio.local"><testcase classname="machina.tests.test_subtask_1_2.TestDatabaseConnection" name="test_database_imports" time="0.043"><error message="failed on setup with &quot;_pytest.nodes.Collector.CollectError: ImportError while importing test module '/Users/dionedge/devqai/__init__.py'.&#10;Hint: make sure your test modules/packages have valid Python names.&#10;Traceback:&#10;../devgen/venv/lib/python3.13/site-packages/_pytest/python.py:498: in importtestmodule&#10;    mod = import_path(&#10;../devgen/venv/lib/python3.13/site-packages/_pytest/pathlib.py:587: in import_path&#10;    importlib.import_module(module_name)&#10;/opt/homebrew/Cellar/python@3.13/3.13.4/Frameworks/Python.framework/Versions/3.13/lib/python3.13/importlib/__init__.py:88: in import_module&#10;    return _bootstrap._gcd_import(name[level:], package, level)&#10;           ^^^^^^^^^^^^^^^^^^^^^^^^^^^^^^^^^^^^^^^^^^^^^^^^^^^^&#10;&lt;frozen importlib._bootstrap&gt;:1387: in _gcd_import&#10;    ???&#10;&lt;frozen importlib._bootstrap&gt;:1360: in _find_and_load&#10;    ???&#10;&lt;frozen importlib._bootstrap&gt;:1331: in _find_and_load_unlocked&#10;    ???&#10;&lt;frozen importlib._bootstrap&gt;:935: in _load_unlocked&#10;    ???&#10;&lt;frozen importlib._bootstrap_external&gt;:1026: in exec_module&#10;    ???&#10;&lt;frozen importlib._bootstrap&gt;:488: in _call_with_frames_removed&#10;    ???&#10;../__init__.py:22: in &lt;module&gt;&#10;    from agentical.core import (&#10;E   ModuleNotFoundError: No module named 'agentical'&quot;">/opt/homebrew/Cellar/python@3.13/3.13.4/Frameworks/Python.framework/Versions/3.13/lib/python3.13/importlib/__init__.py:88: in import_module
    return _bootstrap._gcd_import(name[level:], package, level)
           ^^^^^^^^^^^^^^^^^^^^^^^^^^^^^^^^^^^^^^^^^^^^^^^^^^^^
../__init__.py:22: in &lt;module&gt;
    from agentical.core import (
E   ModuleNotFoundError: No module named 'agentical'

The above exception was the direct cause of the following exception:
../devgen/venv/lib/python3.13/site-packages/_pytest/runner.py:344: in from_call
    result: TResult | None = func()
                             ^^^^^^
../devgen/venv/lib/python3.13/site-packages/_pytest/runner.py:246: in &lt;lambda&gt;
    lambda: runtest_hook(item=item, **kwds), when=when, reraise=reraise
            ^^^^^^^^^^^^^^^^^^^^^^^^^^^^^^^
../devgen/venv/lib/python3.13/site-packages/pluggy/_hooks.py:512: in __call__
    return self._hookexec(self.name, self._hookimpls.copy(), kwargs, firstresult)
           ^^^^^^^^^^^^^^^^^^^^^^^^^^^^^^^^^^^^^^^^^^^^^^^^^^^^^^^^^^^^^^^^^^^^^^
../devgen/venv/lib/python3.13/site-packages/pluggy/_manager.py:120: in _hookexec
    return self._inner_hookexec(hook_name, methods, kwargs, firstresult)
           ^^^^^^^^^^^^^^^^^^^^^^^^^^^^^^^^^^^^^^^^^^^^^^^^^^^^^^^^^^^^^
../devgen/venv/lib/python3.13/site-packages/_pytest/logging.py:843: in pytest_runtest_setup
    yield
../devgen/venv/lib/python3.13/site-packages/_pytest/capture.py:895: in pytest_runtest_setup
    return (yield)
            ^^^^^
../devgen/venv/lib/python3.13/site-packages/_pytest/runner.py:164: in pytest_runtest_setup
    item.session._setupstate.setup(item)
../devgen/venv/lib/python3.13/site-packages/_pytest/runner.py:514: in setup
    col.setup()
../devgen/venv/lib/python3.13/site-packages/_pytest/python.py:668: in setup
    init_mod = importtestmodule(self.path / "__init__.py", self.config)
               ^^^^^^^^^^^^^^^^^^^^^^^^^^^^^^^^^^^^^^^^^^^^^^^^^^^^^^^^
../devgen/venv/lib/python3.13/site-packages/_pytest/python.py:528: in importtestmodule
    raise nodes.Collector.CollectError(
E   _pytest.nodes.Collector.CollectError: ImportError while importing test module '/Users/dionedge/devqai/__init__.py'.
E   Hint: make sure your test modules/packages have valid Python names.
E   Traceback:
E   ../devgen/venv/lib/python3.13/site-packages/_pytest/python.py:498: in importtestmodule
E       mod = import_path(
E   ../devgen/venv/lib/python3.13/site-packages/_pytest/pathlib.py:587: in import_path
E       importlib.import_module(module_name)
E   /opt/homebrew/Cellar/python@3.13/3.13.4/Frameworks/Python.framework/Versions/3.13/lib/python3.13/importlib/__init__.py:88: in import_module
E       return _bootstrap._gcd_import(name[level:], package, level)
E              ^^^^^^^^^^^^^^^^^^^^^^^^^^^^^^^^^^^^^^^^^^^^^^^^^^^^
E   &lt;frozen importlib._bootstrap&gt;:1387: in _gcd_import
E       ???
E   &lt;frozen importlib._bootstrap&gt;:1360: in _find_and_load
E       ???
E   &lt;frozen importlib._bootstrap&gt;:1331: in _find_and_load_unlocked
E       ???
E   &lt;frozen importlib._bootstrap&gt;:935: in _load_unlocked
E       ???
E   &lt;frozen importlib._bootstrap_external&gt;:1026: in exec_module
E       ???
E   &lt;frozen importlib._bootstrap&gt;:488: in _call_with_frames_removed
E       ???
E   ../__init__.py:22: in &lt;module&gt;
E       from agentical.core import (
E   E   ModuleNotFoundError: No module named 'agentical'</error></testcase></testsuite></testsuites>